// Jest Snapshot v1, https://goo.gl/fbAQLP

exports[`Header renders correctly 1`] = `
<header>
  <nav
    className="header-navbar"
  >
    <h3>
      <a
        className="nav-link"
        href="/adalida"
      >
        Adalida
      </a>
    </h3>
    <h3>
      <a
        className="nav-link"
        href="/us"
      >
        Us
      </a>
    </h3>
    <h3>
      <a
        className="nav-link"
        href="/ricardo"
      >
        Ricardo
      </a>
    </h3>
  </nav>
</header>
`;
